// Jest Snapshot v1, https://goo.gl/fbAQLP

exports[`testing using latest zod version readme example with an empty environment 1`] = `
"[31mErrors found while parsing environment:[39m
  [[33mNICKNAME[39m]:
    This field is required.
    (received [36mundefined[39m)

  [[33mLLAMA_COUNT[39m]:
    This field is required.
    (received [36mundefined[39m)

  [[33mCOLOR[39m]:
    This field is required.
    (received [36mundefined[39m)
"
`;
